// Jest Snapshot v1, https://goo.gl/fbAQLP

exports[`should render component correctly 1`] = `
<div
  className="sc-AxiKw gZTYQF"
>
  <input
    className="sc-AxirZ sc-AxhCb bHWOmi"
    placeholder="Find recipes by ingredients or name..."
  />
  <button
    className="sc-AxjAm sc-AxhUy iYVaFW"
    onClick={[MockFunction]}
    type="button"
  >
    <svg
      height="30"
      viewBox="0 0 30 30"
      width="30"
      xmlns="http://www.w3.org/2000/svg"
    >
      <defs>
        <image
          height="30"
          href="data:image/png;base64,iVBORw0KGgoAAAANSUhEUgAAAB4AAAAeCAMAAAAM7l6QAAAAAXNSR0IB2cksfwAAARRQTFRFAAAASk5pSk5pSk5pSk5pSk5pSk5pSk5pSk5pSk5pSk5pSk5pSk5pSk5pSk5pSk5pSk5pSk5pSk5pSk5pSk5pSk5pSk5pSk5pSk5pSk5pSk5pSk5pSk5pSk5pSk5pSk5pSk5pSk5pSk5pSk5pSk5pSk5pSk5pSk5pSk5pSk5pSk5pSk5pSk5pSk5pSk5pSk5pSk5pSk5pSk5pSk5pSk5pSk5pSk5pSk5pSk5pSk5pSk5pSk5pSk5pSk5pSk5pSk5pSk5pSk5pSk5pSk5pSk5pSk5pSk5pSk5pSk5pSk5pSk5pSk5pSk5pSk5pSk5pSk5pSk5pSk5pSk5pSk5pSk5pSk5pSk5pSk5pSk5pSk5pSk5pSk5pVwjv/QAAAFx0Uk5TADWDv+P19ufLh0YFAyuM2vr/++GfOQJf1/7qUFvYWDIvTHX590sBMLQ8IKruPhG34pmlTdMWLOvoKRnzMxg0JuUbi6gE0E61/Mx5VBKakwv9DT+QsQeSdwgPsNTBV9X7AAABhUlEQVR4nHWS61aCQBSF8RokBhutxJq0TNRMK6+V3bQ0ukMqqb3/ezQ1BjhrsX/tMx+Lc+bsEQSmUDgSjcXXRGk9IfCSkxuKij9pqfTmFoe3Mzo8ZXdWf7Cr0UMi7eXy+wdiATgM+7i8TSkpGqwySmUdmiS7OJkBxIrbzziqAsc1F2/oIBV/rzoBTv6LkAIUV2ctnkIPLX1YBTFWL2KcAY1l9wgg8Xtoqmi1mY0CezzudHF+wWwMyPH4kqB3xWwcyPP4OoPeDbNrQJPHt3foJpkVgQMe1+JQ+sxKGkT+YgPg/oH59RQKpVVeGkIfLX0iDTwe+elW2cSTm8lmFnq17qPPOswXr9w5pIHu+wMFefU+T4Rp4NG3Zufy+rY2GJr0bajvHz4uHf8edUnmji4JJlFhpW2Py58n7mPTn15e3y1YY984NPZG67zX6yr3IzrzR9qCNpn6udy+uLpJ9tk27LEGy7GFINUnFtSvWSCfOnQ+Zx7I7S8L5iIQCzPHhBqMhflC/f4BU6Uw/3BpkC8AAAAASUVORK5CYII="
          id="search-icon"
          width="30"
        />
      </defs>
      <use
        href="#search-icon"
        x="0"
        y="0"
      />
    </svg>
  </button>
</div>
`;
