// Jest Snapshot v1, https://goo.gl/fbAQLP

exports[`should render component correctly 1`] = `
Array [
  <div
    className="sc-AxgMl euakDp"
  >
    <input
      className="sc-AxjAm sc-AxirZ jVPQfu"
      max={999}
      min={0}
      onChange={[Function]}
      placeholder="Quantity"
      required={true}
      style={
        Object {
          "width": "100px",
        }
      }
      type="number"
      value={2}
    />
    <div
      className=" css-tpbp1i-container"
      onKeyDown={[Function]}
    >
      <div
        className=" css-a1fthw-control"
        onMouseDown={[Function]}
        onTouchEnd={[Function]}
      >
        <div
          className=" css-g1d714-ValueContainer"
        >
          <div
            className=" css-1uccc91-singleValue"
          >
            kg
          </div>
          <div
            className="css-b8ldur-Input"
          >
            <div
              className=""
              style={
                Object {
                  "display": "inline-block",
                }
              }
            >
              <input
                aria-autocomplete="list"
                autoCapitalize="none"
                autoComplete="off"
                autoCorrect="off"
                disabled={false}
                id="react-select-2-input"
                onBlur={[Function]}
                onChange={[Function]}
                onFocus={[Function]}
                spellCheck="false"
                style={
                  Object {
                    "background": 0,
                    "border": 0,
                    "boxSizing": "content-box",
                    "color": "inherit",
                    "fontSize": "inherit",
                    "label": "input",
                    "opacity": 1,
                    "outline": 0,
                    "padding": 0,
                    "width": "1px",
                  }
                }
                tabIndex="0"
                type="text"
                value=""
              />
              <div
                style={
                  Object {
                    "height": 0,
                    "left": 0,
                    "overflow": "scroll",
                    "position": "absolute",
                    "top": 0,
                    "visibility": "hidden",
                    "whiteSpace": "pre",
                  }
                }
              >
                
              </div>
            </div>
          </div>
        </div>
        <div
          className=" css-1hb7zxy-IndicatorsContainer"
        >
          <span
            className=" css-t2o8ej-indicatorSeparator"
          />
          <div
            aria-hidden="true"
            className=" css-16jbjst-indicatorContainer"
            onMouseDown={[Function]}
            onTouchEnd={[Function]}
          >
            <svg
              aria-hidden="true"
              className="css-6q0nyr-Svg"
              focusable="false"
              height={20}
              viewBox="0 0 20 20"
              width={20}
            >
              <path
                d="M4.516 7.548c0.436-0.446 1.043-0.481 1.576 0l3.908 3.747 3.908-3.747c0.533-0.481 1.141-0.446 1.574 0 0.436 0.445 0.408 1.197 0 1.615-0.406 0.418-4.695 4.502-4.695 4.502-0.217 0.223-0.502 0.335-0.787 0.335s-0.57-0.112-0.789-0.335c0 0-4.287-4.084-4.695-4.502s-0.436-1.17 0-1.615z"
              />
            </svg>
          </div>
        </div>
      </div>
    </div>
    <div
      className=" css-p18oep-container"
      onKeyDown={[Function]}
    >
      <div
        className=" css-a1fthw-control"
        onMouseDown={[Function]}
        onTouchEnd={[Function]}
      >
        <div
          className=" css-g1d714-ValueContainer"
        >
          <div
            className=" css-1uccc91-singleValue"
          >
            tomatoes
          </div>
          <div
            className="css-b8ldur-Input"
          >
            <div
              className=""
              style={
                Object {
                  "display": "inline-block",
                }
              }
            >
              <input
                aria-autocomplete="list"
                autoCapitalize="none"
                autoComplete="off"
                autoCorrect="off"
                disabled={false}
                id="react-select-3-input"
                onBlur={[Function]}
                onChange={[Function]}
                onFocus={[Function]}
                spellCheck="false"
                style={
                  Object {
                    "background": 0,
                    "border": 0,
                    "boxSizing": "content-box",
                    "color": "inherit",
                    "fontSize": "inherit",
                    "label": "input",
                    "opacity": 1,
                    "outline": 0,
                    "padding": 0,
                    "width": "1px",
                  }
                }
                tabIndex="0"
                type="text"
                value=""
              />
              <div
                style={
                  Object {
                    "height": 0,
                    "left": 0,
                    "overflow": "scroll",
                    "position": "absolute",
                    "top": 0,
                    "visibility": "hidden",
                    "whiteSpace": "pre",
                  }
                }
              >
                
              </div>
            </div>
          </div>
        </div>
        <div
          className=" css-1hb7zxy-IndicatorsContainer"
        >
          <div
            aria-hidden="true"
            className=" css-tlfecz-indicatorContainer"
            onMouseDown={[Function]}
            onTouchEnd={[Function]}
          >
            <svg
              aria-hidden="true"
              className="css-6q0nyr-Svg"
              focusable="false"
              height={20}
              viewBox="0 0 20 20"
              width={20}
            >
              <path
                d="M14.348 14.849c-0.469 0.469-1.229 0.469-1.697 0l-2.651-3.030-2.651 3.029c-0.469 0.469-1.229 0.469-1.697 0-0.469-0.469-0.469-1.229 0-1.697l2.758-3.15-2.759-3.152c-0.469-0.469-0.469-1.228 0-1.697s1.228-0.469 1.697 0l2.652 3.031 2.651-3.031c0.469-0.469 1.228-0.469 1.697 0s0.469 1.229 0 1.697l-2.758 3.152 2.758 3.15c0.469 0.469 0.469 1.229 0 1.698z"
              />
            </svg>
          </div>
          <span
            className=" css-t2o8ej-indicatorSeparator"
          />
          <div
            aria-hidden="true"
            className=" css-16jbjst-indicatorContainer"
            onMouseDown={[Function]}
            onTouchEnd={[Function]}
          >
            <svg
              aria-hidden="true"
              className="css-6q0nyr-Svg"
              focusable="false"
              height={20}
              viewBox="0 0 20 20"
              width={20}
            >
              <path
                d="M4.516 7.548c0.436-0.446 1.043-0.481 1.576 0l3.908 3.747 3.908-3.747c0.533-0.481 1.141-0.446 1.574 0 0.436 0.445 0.408 1.197 0 1.615-0.406 0.418-4.695 4.502-4.695 4.502-0.217 0.223-0.502 0.335-0.787 0.335s-0.57-0.112-0.789-0.335c0 0-4.287-4.084-4.695-4.502s-0.436-1.17 0-1.615z"
              />
            </svg>
          </div>
        </div>
      </div>
    </div>
  </div>,
  <div
    className="sc-AxgMl euakDp"
  >
    <input
      className="sc-AxjAm sc-AxirZ jVPQfu"
      max={999}
      min={0}
      onChange={[Function]}
      placeholder="Quantity"
      required={true}
      style={
        Object {
          "width": "100px",
        }
      }
      type="number"
      value={1}
    />
    <div
      className=" css-tpbp1i-container"
      onKeyDown={[Function]}
    >
      <div
        className=" css-a1fthw-control"
        onMouseDown={[Function]}
        onTouchEnd={[Function]}
      >
        <div
          className=" css-g1d714-ValueContainer"
        >
          <div
            className=" css-1uccc91-singleValue"
          >
            kg
          </div>
          <div
            className="css-b8ldur-Input"
          >
            <div
              className=""
              style={
                Object {
                  "display": "inline-block",
                }
              }
            >
              <input
                aria-autocomplete="list"
                autoCapitalize="none"
                autoComplete="off"
                autoCorrect="off"
                disabled={false}
                id="react-select-4-input"
                onBlur={[Function]}
                onChange={[Function]}
                onFocus={[Function]}
                spellCheck="false"
                style={
                  Object {
                    "background": 0,
                    "border": 0,
                    "boxSizing": "content-box",
                    "color": "inherit",
                    "fontSize": "inherit",
                    "label": "input",
                    "opacity": 1,
                    "outline": 0,
                    "padding": 0,
                    "width": "1px",
                  }
                }
                tabIndex="0"
                type="text"
                value=""
              />
              <div
                style={
                  Object {
                    "height": 0,
                    "left": 0,
                    "overflow": "scroll",
                    "position": "absolute",
                    "top": 0,
                    "visibility": "hidden",
                    "whiteSpace": "pre",
                  }
                }
              >
                
              </div>
            </div>
          </div>
        </div>
        <div
          className=" css-1hb7zxy-IndicatorsContainer"
        >
          <span
            className=" css-t2o8ej-indicatorSeparator"
          />
          <div
            aria-hidden="true"
            className=" css-16jbjst-indicatorContainer"
            onMouseDown={[Function]}
            onTouchEnd={[Function]}
          >
            <svg
              aria-hidden="true"
              className="css-6q0nyr-Svg"
              focusable="false"
              height={20}
              viewBox="0 0 20 20"
              width={20}
            >
              <path
                d="M4.516 7.548c0.436-0.446 1.043-0.481 1.576 0l3.908 3.747 3.908-3.747c0.533-0.481 1.141-0.446 1.574 0 0.436 0.445 0.408 1.197 0 1.615-0.406 0.418-4.695 4.502-4.695 4.502-0.217 0.223-0.502 0.335-0.787 0.335s-0.57-0.112-0.789-0.335c0 0-4.287-4.084-4.695-4.502s-0.436-1.17 0-1.615z"
              />
            </svg>
          </div>
        </div>
      </div>
    </div>
    <div
      className=" css-p18oep-container"
      onKeyDown={[Function]}
    >
      <div
        className=" css-a1fthw-control"
        onMouseDown={[Function]}
        onTouchEnd={[Function]}
      >
        <div
          className=" css-g1d714-ValueContainer"
        >
          <div
            className=" css-1uccc91-singleValue"
          >
            potatoes
          </div>
          <div
            className="css-b8ldur-Input"
          >
            <div
              className=""
              style={
                Object {
                  "display": "inline-block",
                }
              }
            >
              <input
                aria-autocomplete="list"
                autoCapitalize="none"
                autoComplete="off"
                autoCorrect="off"
                disabled={false}
                id="react-select-5-input"
                onBlur={[Function]}
                onChange={[Function]}
                onFocus={[Function]}
                spellCheck="false"
                style={
                  Object {
                    "background": 0,
                    "border": 0,
                    "boxSizing": "content-box",
                    "color": "inherit",
                    "fontSize": "inherit",
                    "label": "input",
                    "opacity": 1,
                    "outline": 0,
                    "padding": 0,
                    "width": "1px",
                  }
                }
                tabIndex="0"
                type="text"
                value=""
              />
              <div
                style={
                  Object {
                    "height": 0,
                    "left": 0,
                    "overflow": "scroll",
                    "position": "absolute",
                    "top": 0,
                    "visibility": "hidden",
                    "whiteSpace": "pre",
                  }
                }
              >
                
              </div>
            </div>
          </div>
        </div>
        <div
          className=" css-1hb7zxy-IndicatorsContainer"
        >
          <div
            aria-hidden="true"
            className=" css-tlfecz-indicatorContainer"
            onMouseDown={[Function]}
            onTouchEnd={[Function]}
          >
            <svg
              aria-hidden="true"
              className="css-6q0nyr-Svg"
              focusable="false"
              height={20}
              viewBox="0 0 20 20"
              width={20}
            >
              <path
                d="M14.348 14.849c-0.469 0.469-1.229 0.469-1.697 0l-2.651-3.030-2.651 3.029c-0.469 0.469-1.229 0.469-1.697 0-0.469-0.469-0.469-1.229 0-1.697l2.758-3.15-2.759-3.152c-0.469-0.469-0.469-1.228 0-1.697s1.228-0.469 1.697 0l2.652 3.031 2.651-3.031c0.469-0.469 1.228-0.469 1.697 0s0.469 1.229 0 1.697l-2.758 3.152 2.758 3.15c0.469 0.469 0.469 1.229 0 1.698z"
              />
            </svg>
          </div>
          <span
            className=" css-t2o8ej-indicatorSeparator"
          />
          <div
            aria-hidden="true"
            className=" css-16jbjst-indicatorContainer"
            onMouseDown={[Function]}
            onTouchEnd={[Function]}
          >
            <svg
              aria-hidden="true"
              className="css-6q0nyr-Svg"
              focusable="false"
              height={20}
              viewBox="0 0 20 20"
              width={20}
            >
              <path
                d="M4.516 7.548c0.436-0.446 1.043-0.481 1.576 0l3.908 3.747 3.908-3.747c0.533-0.481 1.141-0.446 1.574 0 0.436 0.445 0.408 1.197 0 1.615-0.406 0.418-4.695 4.502-4.695 4.502-0.217 0.223-0.502 0.335-0.787 0.335s-0.57-0.112-0.789-0.335c0 0-4.287-4.084-4.695-4.502s-0.436-1.17 0-1.615z"
              />
            </svg>
          </div>
        </div>
      </div>
    </div>
    <button
      className="sc-AxiKw kOezKY sc-AxhCb jsgsdq"
      onClick={[Function]}
      type="button"
    >
      x
    </button>
  </div>,
  <div
    className="sc-AxgMl euakDp"
  >
    <input
      className="sc-AxjAm sc-AxirZ jVPQfu"
      max={999}
      min={0}
      onChange={[Function]}
      placeholder="Quantity"
      required={true}
      style={
        Object {
          "width": "100px",
        }
      }
      type="number"
      value={1}
    />
    <div
      className=" css-tpbp1i-container"
      onKeyDown={[Function]}
    >
      <div
        className=" css-a1fthw-control"
        onMouseDown={[Function]}
        onTouchEnd={[Function]}
      >
        <div
          className=" css-g1d714-ValueContainer"
        >
          <div
            className=" css-1uccc91-singleValue"
          >
            bunch
          </div>
          <div
            className="css-b8ldur-Input"
          >
            <div
              className=""
              style={
                Object {
                  "display": "inline-block",
                }
              }
            >
              <input
                aria-autocomplete="list"
                autoCapitalize="none"
                autoComplete="off"
                autoCorrect="off"
                disabled={false}
                id="react-select-6-input"
                onBlur={[Function]}
                onChange={[Function]}
                onFocus={[Function]}
                spellCheck="false"
                style={
                  Object {
                    "background": 0,
                    "border": 0,
                    "boxSizing": "content-box",
                    "color": "inherit",
                    "fontSize": "inherit",
                    "label": "input",
                    "opacity": 1,
                    "outline": 0,
                    "padding": 0,
                    "width": "1px",
                  }
                }
                tabIndex="0"
                type="text"
                value=""
              />
              <div
                style={
                  Object {
                    "height": 0,
                    "left": 0,
                    "overflow": "scroll",
                    "position": "absolute",
                    "top": 0,
                    "visibility": "hidden",
                    "whiteSpace": "pre",
                  }
                }
              >
                
              </div>
            </div>
          </div>
        </div>
        <div
          className=" css-1hb7zxy-IndicatorsContainer"
        >
          <span
            className=" css-t2o8ej-indicatorSeparator"
          />
          <div
            aria-hidden="true"
            className=" css-16jbjst-indicatorContainer"
            onMouseDown={[Function]}
            onTouchEnd={[Function]}
          >
            <svg
              aria-hidden="true"
              className="css-6q0nyr-Svg"
              focusable="false"
              height={20}
              viewBox="0 0 20 20"
              width={20}
            >
              <path
                d="M4.516 7.548c0.436-0.446 1.043-0.481 1.576 0l3.908 3.747 3.908-3.747c0.533-0.481 1.141-0.446 1.574 0 0.436 0.445 0.408 1.197 0 1.615-0.406 0.418-4.695 4.502-4.695 4.502-0.217 0.223-0.502 0.335-0.787 0.335s-0.57-0.112-0.789-0.335c0 0-4.287-4.084-4.695-4.502s-0.436-1.17 0-1.615z"
              />
            </svg>
          </div>
        </div>
      </div>
    </div>
    <div
      className=" css-p18oep-container"
      onKeyDown={[Function]}
    >
      <div
        className=" css-a1fthw-control"
        onMouseDown={[Function]}
        onTouchEnd={[Function]}
      >
        <div
          className=" css-g1d714-ValueContainer"
        >
          <div
            className=" css-1uccc91-singleValue"
          >
            parsley
          </div>
          <div
            className="css-b8ldur-Input"
          >
            <div
              className=""
              style={
                Object {
                  "display": "inline-block",
                }
              }
            >
              <input
                aria-autocomplete="list"
                autoCapitalize="none"
                autoComplete="off"
                autoCorrect="off"
                disabled={false}
                id="react-select-7-input"
                onBlur={[Function]}
                onChange={[Function]}
                onFocus={[Function]}
                spellCheck="false"
                style={
                  Object {
                    "background": 0,
                    "border": 0,
                    "boxSizing": "content-box",
                    "color": "inherit",
                    "fontSize": "inherit",
                    "label": "input",
                    "opacity": 1,
                    "outline": 0,
                    "padding": 0,
                    "width": "1px",
                  }
                }
                tabIndex="0"
                type="text"
                value=""
              />
              <div
                style={
                  Object {
                    "height": 0,
                    "left": 0,
                    "overflow": "scroll",
                    "position": "absolute",
                    "top": 0,
                    "visibility": "hidden",
                    "whiteSpace": "pre",
                  }
                }
              >
                
              </div>
            </div>
          </div>
        </div>
        <div
          className=" css-1hb7zxy-IndicatorsContainer"
        >
          <div
            aria-hidden="true"
            className=" css-tlfecz-indicatorContainer"
            onMouseDown={[Function]}
            onTouchEnd={[Function]}
          >
            <svg
              aria-hidden="true"
              className="css-6q0nyr-Svg"
              focusable="false"
              height={20}
              viewBox="0 0 20 20"
              width={20}
            >
              <path
                d="M14.348 14.849c-0.469 0.469-1.229 0.469-1.697 0l-2.651-3.030-2.651 3.029c-0.469 0.469-1.229 0.469-1.697 0-0.469-0.469-0.469-1.229 0-1.697l2.758-3.15-2.759-3.152c-0.469-0.469-0.469-1.228 0-1.697s1.228-0.469 1.697 0l2.652 3.031 2.651-3.031c0.469-0.469 1.228-0.469 1.697 0s0.469 1.229 0 1.697l-2.758 3.152 2.758 3.15c0.469 0.469 0.469 1.229 0 1.698z"
              />
            </svg>
          </div>
          <span
            className=" css-t2o8ej-indicatorSeparator"
          />
          <div
            aria-hidden="true"
            className=" css-16jbjst-indicatorContainer"
            onMouseDown={[Function]}
            onTouchEnd={[Function]}
          >
            <svg
              aria-hidden="true"
              className="css-6q0nyr-Svg"
              focusable="false"
              height={20}
              viewBox="0 0 20 20"
              width={20}
            >
              <path
                d="M4.516 7.548c0.436-0.446 1.043-0.481 1.576 0l3.908 3.747 3.908-3.747c0.533-0.481 1.141-0.446 1.574 0 0.436 0.445 0.408 1.197 0 1.615-0.406 0.418-4.695 4.502-4.695 4.502-0.217 0.223-0.502 0.335-0.787 0.335s-0.57-0.112-0.789-0.335c0 0-4.287-4.084-4.695-4.502s-0.436-1.17 0-1.615z"
              />
            </svg>
          </div>
        </div>
      </div>
    </div>
    <button
      className="sc-AxiKw kOezKY sc-AxhCb jsgsdq"
      onClick={[Function]}
      type="button"
    >
      x
    </button>
  </div>,
  <button
    className="sc-AxiKw kOezKY sc-AxhUy ecgaLs"
    onClick={[MockFunction]}
    type="button"
  >
    +
  </button>,
]
`;
